[www.cysec.gov.cy/en-GB/entities/investment-firms/cypriot/37606/index.html]
[backblue.gif]
[fade.gif]
[index.html]
[www.cysec.gov.cy/en-GB/entities/investment-firms/cypriot/37606/index.html]
[www.cysec.gov.cy/en-GB/entities/investment-firms/cypriot/37606/indexa7bd.html]
[www.cysec.gov.cy/en-GB/entities/investment-firms/cypriot/37606/index442c.html]
[www.cysec.gov.cy/en-GB/entities/investment-firms/cypriot/37606/indexc182.html]
[www.cysec.gov.cy/en-GB/entities/investment-firms/cypriot/37606/index14da.html]
[www.cysec.gov.cy/en-GB/entities/investment-firms/cypriot/37606/index287e.html]
[www.cysec.gov.cy/en-GB/entities/investment-firms/cypriot/37606/index877e.html]
[www.cysec.gov.cy/en-GB/entities/investment-firms/cypriot/37606/indexc8c3.html]
[www.cysec.gov.cy/en-GB/entities/investment-firms/cypriot/37606/index4533.html]
[www.cysec.gov.cy/en-GB/entities/investment-firms/cypriot/37606/index4ed0.html]
[www.cysec.gov.cy/en-GB/entities/investment-firms/cypriot/37606/index12c2.html]
[www.cysec.gov.cy/en-GB/entities/investment-firms/cypriot/37606/index8623.html]
[www.cysec.gov.cy/en-GB/entities/investment-firms/cypriot/37606/index6530.html]
[www.cysec.gov.cy/en-GB/entities/investment-firms/cypriot/37606/index6118.html]
[www.cysec.gov.cy/en-GB/entities/investment-firms/cypriot/37606/index9c6d.html]
[www.cysec.gov.cy/en-GB/entities/investment-firms/cypriot/37606/indexf7ca.html]
[www.cysec.gov.cy/en-GB/entities/investment-firms/cypriot/37606/index57d7.html]
[www.cysec.gov.cy/en-GB/entities/investment-firms/cypriot/37606/indexb331.html]
[www.cysec.gov.cy/en-GB/entities/investment-firms/cypriot/37606/indexcce0.html]
[www.cysec.gov.cy/en-GB/entities/investment-firms/cypriot/37606/indexcfa0.html]
[www.cysec.gov.cy/en-GB/entities/investment-firms/cypriot/37606/indexcdf4.html]
[www.cysec.gov.cy/en-GB/entities/investment-firms/cypriot/37606/index807c.html]
[www.cysec.gov.cy/en-GB/entities/investment-firms/cypriot/37606/indexfca6.html]
[www.cysec.gov.cy/en-GB/entities/investment-firms/cypriot/37606/indexc162.html]
[www.cysec.gov.cy/en-GB/entities/investment-firms/cypriot/37606/index7214.html]
[www.cysec.gov.cy/en-GB/entities/investment-firms/cypriot/37606/index1bcc.html]
[www.cysec.gov.cy/en-GB/entities/investment-firms/cypriot/37606/indexf3f3.html]
[www.cysec.gov.cy/en-GB/entities/investment-firms/cypriot/37606/index6df5.html]
[www.cysec.gov.cy/en-GB/entities/investment-firms/cypriot/37606/index3d78.html]
[www.cysec.gov.cy/en-GB/entities/investment-firms/cypriot/37606/indexa4c9.html]
[www.cysec.gov.cy/en-GB/entities/investment-firms/cypriot/37606/indexc182.html]
[www.cysec.gov.cy/en-GB/entities/investment-firms/cypriot/37606/indexa7bd.html]
[www.cysec.gov.cy/en-GB/entities/investment-firms/cypriot/37606/index442c.html]
[www.cysec.gov.cy/en-GB/entities/investment-firms/cypriot/37606/index14da.html]
[www.cysec.gov.cy/en-GB/entities/investment-firms/cypriot/37606/index287e.html]
[www.cysec.gov.cy/en-GB/entities/investment-firms/cypriot/37606/index877e.html]
[www.cysec.gov.cy/en-GB/entities/investment-firms/cypriot/37606/indexc8c3.html]
[www.cysec.gov.cy/en-GB/entities/investment-firms/cypriot/37606/index4533.html]
[www.cysec.gov.cy/en-GB/entities/investment-firms/cypriot/37606/index4ed0.html]
[www.cysec.gov.cy/en-GB/entities/investment-firms/cypriot/37606/index12c2.html]
[www.cysec.gov.cy/en-GB/entities/investment-firms/cypriot/37606/index8623.html]
[www.cysec.gov.cy/en-GB/entities/investment-firms/cypriot/37606/index6530.html]
[www.cysec.gov.cy/en-GB/entities/investment-firms/cypriot/37606/index6118.html]
[www.cysec.gov.cy/en-GB/entities/investment-firms/cypriot/37606/index9c6d.html]
[www.cysec.gov.cy/en-GB/entities/investment-firms/cypriot/37606/indexf7ca.html]
[www.cysec.gov.cy/en-GB/entities/investment-firms/cypriot/37606/index57d7.html]
[www.cysec.gov.cy/en-GB/entities/investment-firms/cypriot/37606/indexb331.html]
[www.cysec.gov.cy/en-GB/entities/investment-firms/cypriot/37606/indexcce0.html]
[www.cysec.gov.cy/en-GB/entities/investment-firms/cypriot/37606/indexcfa0.html]
[www.cysec.gov.cy/en-GB/entities/investment-firms/cypriot/37606/indexcdf4.html]
[www.cysec.gov.cy/en-GB/entities/investment-firms/cypriot/37606/index807c.html]
[www.cysec.gov.cy/en-GB/entities/investment-firms/cypriot/37606/indexfca6.html]
[www.cysec.gov.cy/en-GB/entities/investment-firms/cypriot/37606/indexc162.html]
[www.cysec.gov.cy/en-GB/entities/investment-firms/cypriot/37606/index7214.html]
[www.cysec.gov.cy/en-GB/entities/investment-firms/cypriot/37606/index1bcc.html]
[www.cysec.gov.cy/en-GB/entities/investment-firms/cypriot/37606/indexf3f3.html]
[www.cysec.gov.cy/en-GB/entities/investment-firms/cypriot/37606/index6df5.html]
